// Jest Snapshot v1, https://goo.gl/fbAQLP

exports[`Footer Vue or not 1`] = `true`;
